cargo : warning: method `quality_impact` is never used
所在位置 行:1 字符: 99
+ ... 3\backend ; cargo test -- --test-threads=1 > test_output.txt 2>&1 ; G ...
+                 ~~~~~~~~~~~~~~~~~~~~~~~~~~~~~~~~~~~~~~~~~~~~~~~~~~~~~
    + CategoryInfo          : NotSpecified: (warning: method...` is never used 
   :String) [], RemoteException
    + FullyQualifiedErrorId : NativeCommandError
 
   --> src\config.rs:220:12
    |
203 | impl MaterialProfile {
    | -------------------- method in this implementation
...
220 |     pub fn quality_impact(&self) -> f64 {
    |            ^^^^^^^^^^^^^^
    |
    = note: `#[warn(dead_code)]` (part of `#[warn(unused)]`) on by default

warning: struct `MaterialComparisonResult` is never constructed
  --> src\quality_predictor.rs:27:12
   |
27 | pub struct MaterialComparisonResult {
   |            ^^^^^^^^^^^^^^^^^^^^^^^^

warning: struct `EraComparisonResult` is never constructed
  --> src\quality_predictor.rs:41:12
   |
41 | pub struct EraComparisonResult {
   |            ^^^^^^^^^^^^^^^^^^^

warning: `spindle-backend` (bin "spindle-backend" test) generated 3 warnings
    Finished `test` profile [unoptimized + debuginfo] target(s) in 0.30s
     Running unittests src\main.rs (target\debug\deps\spindle_backend-fa0c831e5
889c546.exe)

running 64 tests
test config::tests::balance_tests::test_balance_config_default_values_sane ... ok
test config::tests::balance_tests::test_calibration_weights_positive ... ok
test config::tests::config_load_tests::test_default_config_file_exists_and_loads ... ok
test config::tests::config_load_tests::test_era_profiles_have_valid_rpm_ranges ... ok
test config::tests::config_load_tests::test_material_profiles_have_positive_density ... ok
test config::tests::era_tests::test_ancient_manufacturing_less_precise ... ok
test config::tests::era_tests::test_ancient_typical_rpm_in_range ... ok
test config::tests::era_tests::test_era_apply_increases_unbalance_for_ancient ... ok
test config::tests::era_tests::test_era_apply_scales_shaft_dimensions ... ok
test config::tests::era_tests::test_era_bearing_clearage_ancient_larger ... ok
test config::tests::era_tests::test_era_surface_roughness_affects_nonlinear_damping ... ok
test config::tests::era_tests::test_modern_rpm_much_higher_than_ancient ... ok
test config::tests::material_tests::test_iron_density_should_reflect_steel ... ok
test config::tests::material_tests::test_iron_youngs_modulus_should_be_highest ... ok
test config::tests::material_tests::test_material_apply_changes_density_based_mass ... ok
test config::tests::material_tests::test_material_apply_preserves_shaft_length ... ok
test config::tests::material_tests::test_material_apply_uses_material_youngs_modulus ... ok
test config::tests::material_tests::test_material_era_compatibility ... ok
test config::tests::material_tests::test_material_quality_factor_in_reasonable_range ... ok
test config::tests::material_tests::test_wood_damping_should_be_highest ... ok
test config::tests::material_tests::test_wood_should_have_lower_density_than_iron ... ok
test quality_predictor::tests::predict_with_context_tests::test_balance_correction_reduces_vibration_impact ... ok
test quality_predictor::tests::predict_with_context_tests::test_balance_recovery_boundary_one ... ok
test quality_predictor::tests::predict_with_context_tests::test_balance_recovery_boundary_zero ... ok
test quality_predictor::tests::predict_with_context_tests::test_higher_vibration_lowers_uniformity ... ok
test quality_predictor::tests::predict_with_context_tests::test_iron_material_boost_is_one ... ok
test quality_predictor::tests::predict_with_context_tests::test_material_era_combined_is_deterministic ... ok
test quality_predictor::tests::predict_with_context_tests::test_modern_era_boosts_quality ... ok
test quality_predictor::tests::predict_with_context_tests::test_quality_outputs_are_nonnegative ... ok
test quality_predictor::tests::predict_with_context_tests::test_wood_lowers_quality_vs_iron ... ok
test vibration_simulator::tests::balance_correction_tests::test_balance_boundary_same_initial_equals_target ... ok
test vibration_simulator::tests::balance_correction_tests::test_balance_boundary_very_strict_target ... ok
test vibration_simulator::tests::balance_correction_tests::test_balance_boundary_zero_rpm ... ok
test vibration_simulator::tests::balance_correction_tests::test_balance_correction_angle_in_range ... ok
test vibration_simulator::tests::balance_correction_tests::test_balance_correction_converges_in_steps ... ok
test vibration_simulator::tests::balance_correction_tests::test_balance_correction_improves_critical_speed ... ok
test vibration_simulator::tests::balance_correction_tests::test_balance_correction_reduces_residual_unbalance ... ok
test vibration_simulator::tests::balance_correction_tests::test_balance_correction_reduces_vibration ... ok
test vibration_simulator::tests::balance_correction_tests::test_balance_correction_weight_positive ... ok
test vibration_simulator::tests::balance_correction_tests::test_balance_with_era_context ... ok
test vibration_simulator::tests::balance_correction_tests::test_balance_with_material_context ... ok
test vibration_simulator::tests::balance_correction_tests::test_vibration_reduction_at_least_40_percent ... ok
test vibration_simulator::tests::critical_speed_material_tests::test_copper_critical_speed_between_wood_and_iron ... ok
test vibration_simulator::tests::critical_speed_material_tests::test_critical_speed_independent_of_input_rpm ... ok
test vibration_simulator::tests::critical_speed_material_tests::test_iron_critical_speed_around_3700rpm ... ok
test vibration_simulator::tests::critical_speed_material_tests::test_negative_rpm_is_treated_as_zero_magnitude ... ok
test vibration_simulator::tests::critical_speed_material_tests::test_very_high_rpm_still_computes ... ok
test vibration_simulator::tests::critical_speed_material_tests::test_wood_critical_speed_much_lower_than_iron ... ok
test vibration_simulator::tests::critical_speed_material_tests::test_zero_rpm_gives_positive_critical_speed ... ok
test vibration_simulator::tests::cross_era_tests::test_ancient_within_rpm_range_stable ... ok
test vibration_simulator::tests::cross_era_tests::test_ancient_wood_vibration_lower_at_typical_rpm ... ok
test vibration_simulator::tests::cross_era_tests::test_era_and_material_combined_produces_finite_results ... ok
test vibration_simulator::tests::cross_era_tests::test_modern_era_has_higher_critical_speed ... ok
test vibration_simulator::tests::cross_era_tests::test_modern_era_low_vibration_at_high_rpm ... ok
test vibration_simulator::tests::cross_era_tests::test_modern_precision_reduces_eccentricity ... ok
test vibration_simulator::tests::virtual_experience_unit_tests::test_amplitude_monotonic_increase_near_resonance ... ok
test vibration_simulator::tests::virtual_experience_unit_tests::test_analyze_with_unbalance_scales_eccentricity ... ok
test vibration_simulator::tests::virtual_experience_unit_tests::test_eccentricity_ratio_bounded ... ok
test vibration_simulator::tests::virtual_experience_unit_tests::test_nonlinear_damping_factor_greater_than_one ... ok
test vibration_simulator::tests::virtual_experience_unit_tests::test_oil_film_stiffness_positive ... ok
test vibration_simulator::tests::virtual_experience_unit_tests::test_phase_angle_in_pi_range ... ok
test vibration_simulator::tests::virtual_experience_unit_tests::test_rpm_100_low_vibration ... ok
test vibration_simulator::tests::virtual_experience_unit_tests::test_rpm_sweep_100_to_25000_all_finite ... ok
test vibration_simulator::tests::virtual_experience_unit_tests::test_whirl_ratio_in_valid_range ... ok

test result: ok. 64 passed; 0 failed; 0 ignored; 0 measured; 0 filtered out; finished in 0.01s

